../Core/Src/i2c-lcd.c:12:6:lcd_send_cmd	32	static
../Core/Src/i2c-lcd.c:25:6:lcd_send_data	32	static
../Core/Src/i2c-lcd.c:38:6:lcd_init	8	static
../Core/Src/i2c-lcd.c:64:6:lcd_cursor_pos	24	static
../Core/Src/i2c-lcd.c:84:6:lcd_send_string	16	static
../Core/Src/i2c-lcd.c:89:6:lcd_clear_display	16	static
../Core/Src/i2c-lcd.c:96:6:lcd_return_home	8	static
../Core/Src/i2c-lcd.c:101:6:lcd_entry_mode	16	static
../Core/Src/i2c-lcd.c:106:6:lcd_display_on_off	24	static
../Core/Src/i2c-lcd.c:111:6:lcd_function_set	24	static
